{
  "version": "1.5.0",
  "plugins_used": [
    {
      "name": "ArtifactoryDetector"
    },
    {
      "name": "AWSKeyDetector"
    },
    {
      "name": "AzureStorageKeyDetector"
    },
    {
      "name": "Base64HighEntropyString",
      "limit": 4.5
    },
    {
      "name": "BasicAuthDetector"
    },
    {
      "name": "CloudantDetector"
    },
    {
      "name": "DiscordBotTokenDetector"
    },
    {
      "name": "GitHubTokenDetector"
    },
    {
      "name": "GitLabTokenDetector"
    },
    {
      "name": "HexHighEntropyString",
      "limit": 3.0
    },
    {
      "name": "IbmCloudIamDetector"
    },
    {
      "name": "IbmCosHmacDetector"
    },
    {
      "name": "IPPublicDetector"
    },
    {
      "name": "JwtTokenDetector"
    },
    {
      "name": "KeywordDetector",
      "keyword_exclude": ""
    },
    {
      "name": "MailchimpDetector"
    },
    {
      "name": "NpmDetector"
    },
    {
      "name": "OpenAIDetector"
    },
    {
      "name": "PrivateKeyDetector"
    },
    {
      "name": "PypiTokenDetector"
    },
    {
      "name": "SendGridDetector"
    },
    {
      "name": "SlackDetector"
    },
    {
      "name": "SoftlayerDetector"
    },
    {
      "name": "SquareOAuthDetector"
    },
    {
      "name": "StripeDetector"
    },
    {
      "name": "TelegramBotTokenDetector"
    },
    {
      "name": "TwilioKeyDetector"
    }
  ],
  "filters_used": [
    {
      "path": "detect_secrets.filters.allowlist.is_line_allowlisted"
    },
    {
      "path": "detect_secrets.filters.common.is_ignored_due_to_verification_policies",
      "min_level": 2
    },
    {
      "path": "detect_secrets.filters.heuristic.is_indirect_reference"
    },
    {
      "path": "detect_secrets.filters.heuristic.is_likely_id_string"
    },
    {
      "path": "detect_secrets.filters.heuristic.is_lock_file"
    },
    {
      "path": "detect_secrets.filters.heuristic.is_not_alphanumeric_string"
    },
    {
      "path": "detect_secrets.filters.heuristic.is_potential_uuid"
    },
    {
      "path": "detect_secrets.filters.heuristic.is_prefixed_with_dollar_sign"
    },
    {
      "path": "detect_secrets.filters.heuristic.is_sequential_string"
    },
    {
      "path": "detect_secrets.filters.heuristic.is_swagger_file"
    },
    {
      "path": "detect_secrets.filters.heuristic.is_templated_secret"
    }
  ],
  "results": {
    "ml\\data\\checksums.lock.json": [
      {
        "type": "Hex High Entropy String",
        "filename": "ml\\data\\checksums.lock.json",
        "hashed_secret": "377f1b93082182c2b021e1a86f18f73c435f0e92",
        "is_verified": false,
        "line_number": 4
      },
      {
        "type": "Hex High Entropy String",
        "filename": "ml\\data\\checksums.lock.json",
        "hashed_secret": "71861fbdf2fd070dd990ab5be7444134eaa4a3f9",
        "is_verified": false,
        "line_number": 8
      },
      {
        "type": "Hex High Entropy String",
        "filename": "ml\\data\\checksums.lock.json",
        "hashed_secret": "27b59822260cccd605a832b27457cc08fe45258f",
        "is_verified": false,
        "line_number": 12
      },
      {
        "type": "Hex High Entropy String",
        "filename": "ml\\data\\checksums.lock.json",
        "hashed_secret": "51b01073d6159125e9d0cb91ae9cc8caadd63ef8",
        "is_verified": false,
        "line_number": 16
      },
      {
        "type": "Hex High Entropy String",
        "filename": "ml\\data\\checksums.lock.json",
        "hashed_secret": "15021e42380841b5b63d113d3dbfa0b5100122cb",
        "is_verified": false,
        "line_number": 20
      },
      {
        "type": "Hex High Entropy String",
        "filename": "ml\\data\\checksums.lock.json",
        "hashed_secret": "f4c3548652a25b9d6785dfc4caf0cca97c48b361",
        "is_verified": false,
        "line_number": 24
      },
      {
        "type": "Hex High Entropy String",
        "filename": "ml\\data\\checksums.lock.json",
        "hashed_secret": "4319ed3a9487c93544d72bd3c0ddd96799f82ef1",
        "is_verified": false,
        "line_number": 28
      },
      {
        "type": "Hex High Entropy String",
        "filename": "ml\\data\\checksums.lock.json",
        "hashed_secret": "23d7dff75b42de5f523c8f7e7b71bc4e823bd5df",
        "is_verified": false,
        "line_number": 32
      },
      {
        "type": "Hex High Entropy String",
        "filename": "ml\\data\\checksums.lock.json",
        "hashed_secret": "a5e324bab6da41d4371e191ac02a2b265b6269e6",
        "is_verified": false,
        "line_number": 36
      }
    ],
    "ml\\data\\download.py": [
      {
        "type": "Hex High Entropy String",
        "filename": "ml\\data\\download.py",
        "hashed_secret": "5aa937171306deb402a93c1fe0dc16ea94cf4e10",
        "is_verified": false,
        "line_number": 361
      }
    ],
    "ml\\data\\splits\\split_hashes.json": [
      {
        "type": "Hex High Entropy String",
        "filename": "ml\\data\\splits\\split_hashes.json",
        "hashed_secret": "c6d42d1ff497f8d88cc451428c387f2b6303475a",
        "is_verified": false,
        "line_number": 8
      },
      {
        "type": "Hex High Entropy String",
        "filename": "ml\\data\\splits\\split_hashes.json",
        "hashed_secret": "c287f9b00ed98c8d0ee15257b262947d7457a298",
        "is_verified": false,
        "line_number": 19
      },
      {
        "type": "Hex High Entropy String",
        "filename": "ml\\data\\splits\\split_hashes.json",
        "hashed_secret": "259d24748e9728eeb3942abdf7db39e37586b958",
        "is_verified": false,
        "line_number": 30
      },
      {
        "type": "Hex High Entropy String",
        "filename": "ml\\data\\splits\\split_hashes.json",
        "hashed_secret": "fe83102f039423974a410af52cfa63c0928283ea",
        "is_verified": false,
        "line_number": 42
      },
      {
        "type": "Hex High Entropy String",
        "filename": "ml\\data\\splits\\split_hashes.json",
        "hashed_secret": "35ab9004009a31f2a6c193b60777e6d6adb0482a",
        "is_verified": false,
        "line_number": 51
      }
    ],
    "reports\\leakage.json": [
      {
        "type": "Hex High Entropy String",
        "filename": "reports\\leakage.json",
        "hashed_secret": "c6d42d1ff497f8d88cc451428c387f2b6303475a",
        "is_verified": false,
        "line_number": 54
      },
      {
        "type": "Hex High Entropy String",
        "filename": "reports\\leakage.json",
        "hashed_secret": "c287f9b00ed98c8d0ee15257b262947d7457a298",
        "is_verified": false,
        "line_number": 132
      },
      {
        "type": "Hex High Entropy String",
        "filename": "reports\\leakage.json",
        "hashed_secret": "259d24748e9728eeb3942abdf7db39e37586b958",
        "is_verified": false,
        "line_number": 197
      },
      {
        "type": "Hex High Entropy String",
        "filename": "reports\\leakage.json",
        "hashed_secret": "fe83102f039423974a410af52cfa63c0928283ea",
        "is_verified": false,
        "line_number": 297
      },
      {
        "type": "Hex High Entropy String",
        "filename": "reports\\leakage.json",
        "hashed_secret": "35ab9004009a31f2a6c193b60777e6d6adb0482a",
        "is_verified": false,
        "line_number": 333
      }
    ]
  },
  "generated_at": "2026-10-06T20:42:26Z"
}
